---
source: crates/server/tests/api/services/file/create.rs
expression: "res.get(\"tags\")"
---
[
  "events"
]
